-------- day 3 --------
name, sellIn, quality
+5 Dexterity Vest, 7, 17
Aged Brie, -1, 4
Elixir of the Mongoose, 2, 4
Sulfuras, Hand of Ragnaros, 0, 80
Sulfuras, Hand of Ragnaros, -1, 80
Backstage passes to a TAFKAL80ETC concert, 12, 23
Backstage passes to a TAFKAL80ETC concert, 7, 50
Backstage passes to a TAFKAL80ETC concert, 2, 50
Conjured Mana Cake, 0, 0
