-------- day 4 --------
name, sellIn, quality
+5 Dexterity Vest, 6, 16
Aged Brie, -2, 6
Elixir of the Mongoose, 1, 3
Sulfuras, Hand of Ragnaros, 0, 80
Sulfuras, Hand of Ragnaros, -1, 80
Backstage passes to a TAFKAL80ETC concert, 11, 24
Backstage passes to a TAFKAL80ETC concert, 6, 50
Backstage passes to a TAFKAL80ETC concert, 1, 50
Conjured Mana Cake, -1, 1
