-------- day 5 --------
name, sellIn, quality
+5 Dexterity Vest, 5, 15
Aged Brie, -3, 8
Elixir of the Mongoose, 0, 2
Sulfuras, Hand of Ragnaros, 0, 80
Sulfuras, Hand of Ragnaros, -1, 80
Backstage passes to a TAFKAL80ETC concert, 10, 25
Backstage passes to a TAFKAL80ETC concert, 5, 50
Backstage passes to a TAFKAL80ETC concert, 0, 50
Conjured Mana Cake, -2, 0
