-------- day 6 --------
name, sellIn, quality
+5 Dexterity Vest, 4, 14
Aged Brie, -4, 10
Elixir of the Mongoose, -1, 0
Sulfuras, Hand of Ragnaros, 0, 80
Sulfuras, Hand of Ragnaros, -1, 80
Backstage passes to a TAFKAL80ETC concert, 9, 27
Backstage passes to a TAFKAL80ETC concert, 4, 50
Backstage passes to a TAFKAL80ETC concert, -1, 0
Conjured Mana Cake, -3, 0
